// Jest Snapshot v1, https://goo.gl/fbAQLP

exports[`renders correclty snapshot 1`] = `
<GoogleSignUp
  signupGoogleFunction={[Function]}
  store={
    Object {
      "dispatch": [Function],
      "getState": [Function],
      "replaceReducer": [Function],
      "subscribe": [Function],
      Symbol(observable): [Function],
    }
  }
/>
`;
