// Jest Snapshot v1, https://goo.gl/fbAQLP

exports[`renders correctly 1`] = `
<View
  style={
    Object {
      "alignItems": "center",
      "flexDirection": "row",
      "justifyContent": "flex-start",
      "marginTop": 5,
    }
  }
>
  <View
    pointerEvents="auto"
  >
    <RNCCheckbox
      forwardedRef={null}
      onValueChange={[Function]}
      style={
        Array [
          Object {
            "backgroundColor": "transparent",
            "height": 32,
            "width": 32,
          },
          undefined,
        ]
      }
    />
  </View>
  <Text />
</View>
`;
